// Jest Snapshot v1, https://goo.gl/fbAQLP

exports[`Directory should render Directory component 1`] = `
"<div className=\\"directory-menu\\">
  <withRouter(MenuItem) />
</div>"
`;
